---
source: src/report/io.rs
expression: result
---
- label: run-577 (sun-nov-02)
  contents: "[INFO] The time right now is 2025-11-01 23:31:47.722303883 UTC\n[INFO] I'm only looking for PRs where the base branch is \"main\"\n[INFO] I'm sorting PRs based on \"creation date\" in the \"ascending\" direction"
- label: run-576 (sat-nov-01)
  contents: "[INFO] The time right now is 2025-11-01 22:33:11.521555796 UTC\n[INFO] I'm only looking for PRs where the base branch is \"main\"\n[INFO] I'm sorting PRs based on \"creation date\" in the \"ascending\" direction"
